1. Building geometric and notation scenes...
   layout: strokes=250; horizontal=83; logical-horizontal=81; vertical=167; staffs=10; systems=5; boundaries=25; measures=20
   detected staffs:
     staff-1: x=280.332..2918.280 y=571.292..680.439 spacing=27.287
     staff-2: x=280.332..2918.280 y=848.284..959.164 spacing=27.720
     staff-3: x=141.732..2918.280 y=1217.110..1327.990 spacing=27.720
     staff-4: x=141.732..2918.280 y=1515.030..1625.910 spacing=27.720
     staff-5: x=141.732..2918.280 y=1883.860..1994.740 spacing=27.720
     staff-6: x=141.732..2918.280 y=2128.610..2239.490 spacing=27.720
     staff-7: x=141.732..2918.280 y=2497.440..2608.320 spacing=27.720
     staff-8: x=141.732..2918.280 y=2795.360..2906.240 spacing=27.720
     staff-9: x=141.732..2918.280 y=3164.190..3275.070 spacing=27.720
     staff-10: x=141.732..2918.280 y=3513.340..3624.220 spacing=27.720
2. Classifying reusable contour prototypes...
Downloading official Audiveris basic-classifier.zip...
   prototype classification: 4.837s
3. Repairing composite bass clefs...
   bass-clef repair: 0.109s; candidates=1; classifier-runs=1; reused-F-clefs=0
4. Assigning logical staff/measure ownership...
   logical ownership: 0.258s
   ledger-ladder ownership: 0.004s; corrections=0
   fourth-generation ownership: 0.018s
5. Running OCR fallback for semantic text...
   OCR candidates: 19; recognized: 16
5b. Writing SVG parser diagnostics...
6. Building measure-oriented semantic scene...
7. Running granular semantic passes...
ClassifiedSymbol decision: shape=shape-460.whole; label=DYNAMICS_MP; accepted=True; decision=dynamic; m=4; staff=2; at=5/8; confidence=98.6 %; reason=shape-460.whole: DYNAMICS_MP 99 % -> dynamic mp; m4:5/8; genericStaff=2; semanticStaff=2; placement=above; dx=0.11sp
ClassifiedSymbol decision: shape=shape-460.1; label=DYNAMICS_MP; accepted=True; decision=dynamic; m=4; staff=2; at=5/8; confidence=92.0 %; reason=shape-460.1: DYNAMICS_MP 92 % -> dynamic mp; m4:5/8; genericStaff=2; semanticStaff=2; placement=above; dx=0.47sp
ClassifiedSymbol decision: shape=shape-461; label=DYNAMICS_PP; accepted=True; decision=dynamic; m=5; staff=1; at=0; confidence=96.3 %; reason=shape-461: DYNAMICS_PP 96 % -> dynamic pp; m5:0; genericStaff=2; semanticStaff=1; placement=below; dx=0.34sp
ClassifiedSymbol decision: shape=shape-462.whole; label=DYNAMICS_MP; accepted=True; decision=dynamic; m=12; staff=2; at=5/8; confidence=98.5 %; reason=shape-462.whole: DYNAMICS_MP 99 % -> dynamic mp; m12:5/8; genericStaff=1; semanticStaff=2; placement=above; dx=0.11sp
ClassifiedSymbol decision: shape=shape-462.1; label=DYNAMICS_MP; accepted=True; decision=dynamic; m=12; staff=2; at=5/8; confidence=92.0 %; reason=shape-462.1: DYNAMICS_MP 92 % -> dynamic mp; m12:5/8; genericStaff=1; semanticStaff=2; placement=above; dx=0.47sp
ClassifiedSymbol decision: shape=shape-463; label=DYNAMICS_PP; accepted=True; decision=dynamic; m=13; staff=1; at=0; confidence=96.3 %; reason=shape-463: DYNAMICS_PP 96 % -> dynamic pp; m13:0; genericStaff=2; semanticStaff=1; placement=below; dx=0.34sp
ClassifiedSymbol decision: shape=shape-61.whole; label=DYNAMICS_PP; accepted=False; decision=low-confidence; m=17; staff=1; at=-; confidence=15.9 %; reason=DYNAMICS_PP confidence 16 % is below 90 %
8. Writing notehead diagnostics...
9. Writing accidental diagnostics...
10. Writing stem attachment diagnostics...
11. Writing flag attachment diagnostics...
12. Writing beam attachment diagnostics...
13. Writing tuplet diagnostics...
14. Writing augmentation-dot diagnostics...
14b. Writing semantic text diagnostics...
15. Building CanonicalNotation v0.4 raw preview...
16. Writing MuseScore-compatible MusicXML...
17. Writing compressed MusicXML (.mxl)...
18. Writing artifact index...

Semantic interpretation complete:
  measures   : 20
  facts      : 1010
  clefs      : 15
  times      : 1
  keys       : 1
  noteheads  : 152
  accidentals: 23
  pitches    : 152
  stems      : 107
  flags      : 4
  beams      : 16
  tuplets    : 0
  dot targets: 70
  augm. dots : 70
  durations  : 152
  chords     : 38
  xsys frags : 0
  xsys curves: 0
  ties       : 3
  slurs      : 12
  hairpins   : 2
  pedals     : 4
  text facts : 16
  ownership ledger corrections: 0
  canonical  : /home/runner/work/vector-music/vector-music/artifacts/kancheli.semantic.canonical.json
  MusicXML   : /home/runner/work/vector-music/vector-music/artifacts/kancheli.semantic.musicxml
  MXL        : /home/runner/work/vector-music/vector-music/artifacts/kancheli.semantic.mxl
  noteheads  : /home/runner/work/vector-music/vector-music/artifacts/semantic.noteheads.svg
  accidentals: /home/runner/work/vector-music/vector-music/artifacts/semantic.accidentals.svg
  stems      : /home/runner/work/vector-music/vector-music/artifacts/semantic.stems.svg
  flags      : /home/runner/work/vector-music/vector-music/artifacts/semantic.flags.svg
  beams      : /home/runner/work/vector-music/vector-music/artifacts/semantic.beams.svg
  tuplets    : /home/runner/work/vector-music/vector-music/artifacts/semantic.tuplets.svg
  dots       : /home/runner/work/vector-music/vector-music/artifacts/semantic.dots.svg
  ownership  : /home/runner/work/vector-music/vector-music/artifacts/parser.ownership.svg
  index      : /home/runner/work/vector-music/vector-music/artifacts/index.html
