1. Building geometric and notation scenes...
2. Classifying reusable contour prototypes...
Downloading official Audiveris basic-classifier.zip...
3. Repairing composite bass clefs...
4. Assigning logical staff/measure ownership...
5. Building measure-oriented semantic scene...
6. Running granular semantic passes...
7. Building CanonicalNotation v0.3 skeleton...
8. Writing MusicXML...
9. Writing compressed MusicXML (.mxl)...
10. Writing artifact index...

Semantic interpretation complete:
  measures : 28
  facts    : 12
  clefs    : 10
  times    : 1
  keys     : 1
  canonical: /home/runner/work/vector-music/vector-music/artifacts/kancheli.semantic.canonical.json
  MusicXML : /home/runner/work/vector-music/vector-music/artifacts/kancheli.semantic.musicxml
  MXL      : /home/runner/work/vector-music/vector-music/artifacts/kancheli.semantic.mxl
  index    : /home/runner/work/vector-music/vector-music/artifacts/index.html
