Using launch settings from SvgScene/Properties/launchSettings.json...
GeometricScene shapes       : 1367
NotationScene contours      : 255
NotationScene prototypes    : 60
NotationScene strokes       : 613
NotationScene curved strokes: 39
NotationScene vertical zigzags: 1
NotationScene ellipses      : 429 (hollow: 117)
ScoreLayout staffs          : 10
ScoreLayout systems         : 5
ScoreLayout measures        : 26
Logical ownership assigned  : 1263
  generation 1              : 1090
  generation 2              : 127
  generation 3              : 15
  generation 4              : 31
  coordinate spans          : 116
  prototype-1: 1 instances; representative=shape-51.1
  prototype-2: 2 instances; representative=shape-51.2
  prototype-3: 11 instances; representative=shape-51.3
  prototype-4: 4 instances; representative=shape-51.4
  prototype-5: 1 instances; representative=shape-51.5
  prototype-6: 8 instances; representative=shape-51.6
  prototype-7: 4 instances; representative=shape-51.7
  prototype-8: 3 instances; representative=shape-51.10
  prototype-9: 9 instances; representative=shape-51.11
  prototype-10: 1 instances; representative=shape-51.12
  prototype-11: 1 instances; representative=shape-52.1
  prototype-12: 2 instances; representative=shape-52.3
  prototype-13: 1 instances; representative=shape-52.4
  prototype-14: 8 instances; representative=shape-52.5
  prototype-15: 1 instances; representative=shape-52.6
  prototype-16: 6 instances; representative=shape-52.9
  prototype-17: 2 instances; representative=shape-53.1
  prototype-18: 4 instances; representative=shape-53.4
  prototype-19: 3 instances; representative=shape-53.12
  prototype-20: 3 instances; representative=shape-53.13
  prototype-21: 2 instances; representative=shape-53.17
  prototype-22: 1 instances; representative=shape-54.1
  prototype-23: 4 instances; representative=shape-54.2
  prototype-24: 2 instances; representative=shape-55
  prototype-25: 26 instances; representative=shape-170
  prototype-26: 56 instances; representative=shape-171
  prototype-27: 1 instances; representative=shape-202
  prototype-28: 8 instances; representative=shape-661
  prototype-29: 1 instances; representative=shape-667
  prototype-30: 5 instances; representative=shape-980
  prototype-31: 5 instances; representative=shape-985.2
  prototype-32: 4 instances; representative=shape-1030
  prototype-33: 8 instances; representative=shape-1031
  prototype-34: 4 instances; representative=shape-1042
  prototype-35: 1 instances; representative=shape-1043
  prototype-36: 5 instances; representative=shape-1044
  prototype-37: 2 instances; representative=shape-1046
  prototype-38: 1 instances; representative=shape-1054
  prototype-39: 1 instances; representative=shape-1056
  prototype-40: 1 instances; representative=shape-1057.1
  prototype-41: 2 instances; representative=shape-1057.2
  prototype-42: 1 instances; representative=shape-1058
  prototype-43: 2 instances; representative=shape-1059
  prototype-44: 1 instances; representative=shape-1061.2
  prototype-45: 5 instances; representative=shape-1070
  prototype-46: 2 instances; representative=shape-1085
  prototype-47: 1 instances; representative=shape-1088
  prototype-48: 1 instances; representative=shape-1122
  prototype-49: 2 instances; representative=shape-1124.1
  prototype-50: 1 instances; representative=shape-1124.3
  prototype-51: 1 instances; representative=shape-1124.4
  prototype-52: 1 instances; representative=shape-1125.1
  prototype-53: 1 instances; representative=shape-1125.2
  prototype-54: 1 instances; representative=shape-1125.3
  prototype-55: 1 instances; representative=shape-1125.4
  prototype-56: 1 instances; representative=shape-1125.5
  prototype-57: 2 instances; representative=shape-1132
  prototype-58: 1 instances; representative=shape-1138.1
  prototype-59: 10 instances; representative=shape-1140.1
  prototype-60: 5 instances; representative=shape-1233
Written compact JSON: /home/runner/work/vector-music/vector-music/artifacts/zigzag-scene.json
Written score layout JSON: /home/runner/work/vector-music/vector-music/artifacts/score-layout.json
Written logical ownership JSON: /home/runner/work/vector-music/vector-music/artifacts/kancheli-almonds-mangled.ownership.json
Written logical ownership log: /home/runner/work/vector-music/vector-music/artifacts/kancheli-almonds-mangled.ownership.txt
Written logical ownership SVG: /home/runner/work/vector-music/vector-music/artifacts/kancheli-almonds-mangled.ownership.svg
